// Jest Snapshot v1, https://goo.gl/fbAQLP

exports[`<KeyboardNavigation /> spec renders the component 1`] = `
<DocumentFragment>
  <div />
</DocumentFragment>
`;
